DALVMSA10
DALO11
VOBXCM01
HOEZIM02
KLMNDH03
DALP02
HOEWAP10
GA2NBK01
DARDAT03
SARDAT05
DALTSS207
DALTSS202
DALTSS203
HOEWAA113
HOEWAA110
HOEWAA111
HOEWAA109
HOEWAS61
HOEALG13
HOEALG14
HOEWAA101
HOEWAA102
PABNBK01
PABDAT01
CGYEXM03
CGYEXM04
CGYEXM05
STJUTC02
STJUTC03
YORNDL30
YORZQL15
CHLDAT05
DALWWY18
DALWAP113
DALWAP119
DALWWY11
DALWWY14
DALWAS85
DALTSS206
DALWAP95
DALWAP60
DALTSS208
DALTSS201
DALTSS209
DALWAP59
DALWFS80
CHDKMEKN2
FAWIMS01
FAWMMS01
HNOEPI01
MACEXH30
NDGIMS01
NDGMMS01
NDGSQL34
PAREPL34
NDGSQL092
NDGIMS08
NDGMMS08
LAGEPI01
PITSCC03
PYUSCC03
TAISCC03
MALMKLDN1
KULYSQl12
MALMKLUN3
MALMKLUN2
KULWAP21
KULEXH30
MELNDL31
ACBIMS02
ACBIMM02
ACBMMS02
KCMSCC03
OLASCC03
SKNSCC03
CGYAPP05
YORCDR01
STCNML03
YORNML03
BMTTSS103
CHLNML03
DALALG04
DALWAP81
DALALG01
DALSQL241
DALALG02
DALALG08
DALAPP12
DALALG03
DALALG05
DALWAS28
DALALG07
DALWAS02
DALWAP88
DALWAS03
UDRTSS106
DALWAP46
DALTSS212
DALSPS35
DALSPS34
DALSPS36
DALSPS01
DALSPS03
DALSPS04
DALSQL277
DALSPS25
DALSPS61
DALSPS26
DALSPS27
FFXNDL03
FFXEXM04
JOLNDL03
HOEWAS46
HOEDAT66
HOEDEV01
HOEDAT82
HOEMBO01
HOENCM02
HOEDAT64
HOEZSQ01
HOEDAT69
HOELAWS6
HOEDAT73
HOEDAT63
HOESQL903
HOETAXSQLP2
HOEDAT72
HOEDAT83
HOEDAT77
HOESQL223
HOEWAD29
UPSZPH02
UPSWAP57
HOESQL128
HOEDAT81
HOELAWS11
HOEDAT85
HOEWAP86
HOESQL05
HOUNML02
UPSGRWDN10-TEST
HOESAC01
HOESQL08
HOEDAT68
HOEWAP90
HOETEL1
HOEDAT79
HOEWAD28
HOEWAP82
HOESQL15
HOEDAT62
HOELIM50
UPSWAD57
HOEDAT65
HOEDAT67
HOEDAT84
HOEDAT75
HOEVMS10
HOEDAT61
HOELAWS7
HOEOSD1
HOEAPP103
HOEVMS15
HOESQL143
UPSSQL45
HOESQL59
UPSTSS047
HOESQL24
HOEDAT86
HOEAPP14
HOEVMS14
HOEWAS76
HOEWWP42
HOESQL88
UPSCWI300
UPSTSS182
UPSSQL010
HOUNMX27
HOEBEA80
HOEWAA107
HOEFTP01
HOEEXB80
HOEVMS16
UPSTSS407
UPSZPH03
UPSZPH04
UPSZPH08
HOEWAS62
HOESQL801
HOEAPP04
HOEAPP101
UPSZPH07
UPSTSS171
HOESQL901
HOEDAT22
HOEWAS47
UPSZPH09
UPSZPH05
UPSTSS169
HOETSS172
UPSTSS170
HOEWAS48
HOEEXM03
HOEEXM01
HOEEXM02
HOEEXM06
HOEEXM05
HOEPOWERSW2
HOEWAP93
HOEWCA01
HOETSS198
HOEDAT28
HOEPAT02
HOEFAC99
HOEAPP106
HOEDAT25
UPSWAP50
HOEFAC110
HOEFAC111
UPSTSS186
HOEVMS12
HOELIM45
HOELIM47
HOELIM43
HOELIM46
HOELIM49
HOELMD02
HOUNDL40
HOEVMS13
HOESQL30
HOUNDH06
HOETWS01
NETGRWUN104
HOUNDL03
HOUNDL04
HOUNDL05
HOUNDH03
HOESQL310
UPSTSS016
UPSAPP26
NETGRWUN101
NETGRWUN102
HOESQL249
NETGRWUN103
HOESQL161
NETGRWUN100
NETGRWUN105
HOUNMX06
HOESQL233
HOEWAD46
HOEWAD49
HOEWAD50
HOESQL232
HOESQL107
HOEWCA04
HOEAPP178
HOEWAD06
HOEWAD55
HOEZSQ07
USPGRWUN2
HOETSS193
USPGRWUN3
HOESAT01
HOEWAD60
UPSTSS172
HOETSS199
HOEZMM02
UPSTSS166
HOETSS203
HOEZPA195
HOEWAD08
HOETSS200
HOETSS201
UPSSQL013
HOETSS202
UPSSQL001
